
> aurea-deco-frontend@1.0.0 build
> react-scripts build

node.exe : [baseline-brows
er-mapping] The data in 
this module is over two 
months old.  To ensure 
accurate Baseline data, 
please update: `npm i base
line-browser-mapping@lates
t -D`
At line:1 char:1
+ & "C:\Program 
Files\nodejs/node.exe" 
"C:\Program 
Files\nodejs/node_mo ...
+ ~~~~~~~~~~~~~~~~~~~~~~~~
~~~~~~~~~~~~~~~~~~~~~~~~~~
~~~~~~~~~~~~~~~~~~~
    + CategoryInfo        
      : NotSpecified: ([  
  baseline-brows...ping   
 @latest -D`:String) [    
], RemoteException
    + FullyQualifiedError 
   Id : NativeCommandErr  
  or
 
Creating an optimized production build...
[baseline-browser-mapping]
 The data in this module 
is over two months old.  
To ensure accurate 
Baseline data, please 
update: `npm i baseline-br
owser-mapping@latest -D`

Treating warnings as errors because process.env.CI = true.
Most CI servers set it automatically.

Failed to compile.

[eslint] 
src\components\orders\ArchivedOrders.jsx
  Line 3:10:  'getStatusColor' is defined but never used  no-unused-vars

src\components\orders\CreateAtelierOrder.jsx
  Line 2:45:  'ImageIcon' is defined but never used  no-unused-vars

src\components\orders\CreateOrder.jsx
  Line 2:45:  'ImageIcon' is defined but never used  no-unused-vars

src\components\orders\Dashboard.jsx
  Line 4:10:  'getStatusColor' is defined but never used  no-unused-vars

src\components\orders\StatusOrdersPage.jsx
  Line 3:10:  'getStatusColor' is defined but never used  no-unused-vars


